 var     label                      ARM A        ARM B        ARM C        ARM D                statistic
 ¯¯¯¯¯¯¯¯¯¯¯¯¯¯¯¯¯¯¯¯¯¯¯¯¯¯¯¯¯¯¯¯¯¯¯¯¯¯¯¯¯¯¯¯¯¯¯¯¯¯¯¯¯¯¯¯¯¯¯¯¯¯¯¯¯¯¯¯¯¯¯¯¯¯¯¯¯¯¯¯¯¯¯¯¯¯¯¯¯¯¯¯¯¯¯¯¯¯¯¯¯¯¯¯
 AGE     N                          20           21           21           23            1.03566922804082
 AGE     Mean (SD)                  53.1 (11.9)  47.4 (16.3)  45.7 (14.4)  49.7 (14.3)   1.03566922804082
 AGE     Median                     52.5         46.0         46.0         48.0          1.03566922804082
 AGE     Q1 - Q3                    47.8 - 60.0  35.0 - 61.0  38.0 - 53.0  39.0 - 60.5   1.03566922804082
 AGE     Range                      31 - 73      22 - 73      19 - 71      21 - 75       1.03566922804082
 AGEGR1  18-29 years                0 (  0.0%)   3 ( 14.3%)   3 ( 14.3%)   1 (  4.3%)    8.57228106227088
 AGEGR1  30-39 years                3 ( 15.0%)   4 ( 19.0%)   3 ( 14.3%)   6 ( 26.1%)    8.57228106227088
 AGEGR1  40-49 years                5 ( 25.0%)   6 ( 28.6%)   7 ( 33.3%)   5 ( 21.7%)    8.57228106227088
 AGEGR1  50-65 years                9 ( 45.0%)   4 ( 19.0%)   6 ( 28.6%)   8 ( 34.8%)    8.57228106227088
 AGEGR1  >65 years                  3 ( 15.0%)   4 ( 19.0%)   2 (  9.5%)   3 ( 13.0%)    8.57228106227088
 SEX     Male                       15 ( 75.0%)  10 ( 47.6%)  12 ( 57.1%)  16 ( 69.6%)   4.05734690564084
 SEX     Female                     5 ( 25.0%)   11 ( 52.4%)  9 ( 42.9%)   7 ( 30.4%)    4.05734690564084
 RACE    White                      19 ( 95.0%)  18 ( 85.7%)  18 ( 85.7%)  20 ( 87.0%)   5.95181849551415
 RACE    Black or African American  1 (  5.0%)   1 (  4.8%)   3 ( 14.3%)   1 (  4.3%)    5.95181849551415
 RACE    Asian                      0 (  0.0%)   1 (  4.8%)   0 (  0.0%)   1 (  4.3%)    5.95181849551415
 RACE    Unknown                    0 (  0.0%)   1 (  4.8%)   0 (  0.0%)   1 (  4.3%)    5.95181849551415



























                                                       p.value
                                            ¯¯¯¯¯¯¯¯¯¯¯¯¯¯¯¯¯¯
                                             0.381324899450332
                                             0.381324899450332
                                             0.381324899450332
                                             0.381324899450332
                                             0.381324899450332
                                             0.738963666849019
                                             0.738963666849019
                                             0.738963666849019
                                             0.738963666849019
                                             0.738963666849019
                                             0.255337913485312
                                             0.255337913485312
                                              0.74473066293824
                                              0.74473066293824
                                              0.74473066293824
                                              0.74473066293824



























