{\rtf1\ansi\deff0 {\fonttbl {\f0 Courier;}}
\vertdoc
\paperw12240\paperh15840
\margl1440\margr1440\margt720\margb720
\sl-225\slmult0\fs20
                                 Report 1.0\line
                             Simple Text Report\line
\line
Lorem ipsum dolor sit\line
 amet, consectetur adipiscing elit, sed do eiusmod tempor incididunt\line
ut labore et dolore magna aliqua. Ut enim ad minim veniam, quis nostrud\line
exercitation ullamco laboris nisi ut aliquip ex ea commodo consequat. Duis\line
aute irure dolor in reprehenderit in voluptate velit esse cillum dolore eu\line
fugiat nulla pariatur. Excepteur sint occaecat cupidatat non proident, sunt\line
in culpa qui officia deserunt mollit anim id est laborum.\line
\line
\line
\line
\line
\line
\line
\line
\line
\line
\line
\line
\line
\line
\line
\line
\line
\line
\line
\line
\line
\line
\line
\line
\line
\line
\line
\line
\line
\line
\line
\line
\line
\line
\line
\line
\line
\line
\line
\line
\line
\line
\line
\line
\line
\line
\line
\line
\line
\line
\line
\line
\line

}
