Client: ABC                                                                                       Study: 123
                                                 Report 5.0
                                            Table and Text Report

                                                 Test Title
                                                Test Titles 2
                                                Test Title 3

Lorem ipsum dolor sit amet, consectetur adipiscing elit, sed do eiusmod tempor incididunt ut labore et
dolore magna aliqua. Ut enim ad minim veniam, quis nostrud exercitation ullamco laboris nisi ut aliquip ex
ea commodo consequat. Duis aute irure dolor in reprehenderit in voluptate velit esse cillum dolore eu fugiat
nulla pariatur. Excepteur sint occaecat cupidatat non proident, sunt in culpa qui officia deserunt mollit
anim id est laborum.

Footnote 1
Foonote 2
Footnote 3
Footnote 4
Footnote 5

                                                 Test Title
                                                Test Titles 2
                                                Test Title 3

Lorem ipsum dolor sit amet, consectetur adipiscing elit, sed do eiusmod tempor incididunt ut labore et
dolore magna aliqua. Ut enim ad minim veniam, quis nostrud exercitation ullamco laboris nisi ut aliquip ex
ea commodo consequat. Duis aute irure dolor in reprehenderit in voluptate velit esse cillum dolore eu fugiat
nulla pariatur. Excepteur sint occaecat cupidatat non proident, sunt in culpa qui officia deserunt mollit
anim id est laborum.

Footnote 1
Foonote 2
Footnote 3
Footnote 4
Footnote 5

                                                 Test Title
                                                Test Titles 2
                                                Test Title 3

Lorem ipsum dolor sit amet, consectetur adipiscing elit, sed do eiusmod tempor incididunt ut labore et
dolore magna aliqua. Ut enim ad minim veniam, quis nostrud exercitation ullamco laboris nisi ut aliquip ex
ea commodo consequat. Duis aute irure dolor in reprehenderit in voluptate velit esse cillum dolore eu fugiat

Time                                            Confidential                                     Page 1 of 3
Client: ABC                                                                                       Study: 123
                                                 Report 5.0
                                            Table and Text Report

nulla pariatur. Excepteur sint occaecat cupidatat non proident, sunt in culpa qui officia deserunt mollit
anim id est laborum.

Footnote 1
Foonote 2
Footnote 3
Footnote 4
Footnote 5

                                                 Test Title
                                                Test Titles 2
                                                Test Title 3

Lorem ipsum dolor sit amet, consectetur adipiscing elit, sed do eiusmod tempor incididunt ut labore et
dolore magna aliqua. Ut enim ad minim veniam, quis nostrud exercitation ullamco laboris nisi ut aliquip ex
ea commodo consequat. Duis aute irure dolor in reprehenderit in voluptate velit esse cillum dolore eu fugiat
nulla pariatur. Excepteur sint occaecat cupidatat non proident, sunt in culpa qui officia deserunt mollit
anim id est laborum.

Footnote 1
Foonote 2
Footnote 3
Footnote 4
Footnote 5

                                                 Test Title
                                                Test Titles 2
                                                Test Title 3

Lorem ipsum dolor sit amet, consectetur adipiscing elit, sed do eiusmod tempor incididunt ut labore et
dolore magna aliqua. Ut enim ad minim veniam, quis nostrud exercitation ullamco laboris nisi ut aliquip ex
ea commodo consequat. Duis aute irure dolor in reprehenderit in voluptate velit esse cillum dolore eu fugiat
nulla pariatur. Excepteur sint occaecat cupidatat non proident, sunt in culpa qui officia deserunt mollit
anim id est laborum.

Footnote 1
Foonote 2
Footnote 3
Footnote 4

Time                                            Confidential                                     Page 2 of 3
Client: ABC                                                                                       Study: 123
                                                 Report 5.0
                                            Table and Text Report

Footnote 5







































Time                                            Confidential                                     Page 3 of 3
