                                              MTCARS Data

                                               mpg cyl  disp
                                              ¯¯¯¯¯¯¯¯¯¯¯¯¯¯
                                                21   6   160
                                                21   6   160
                                              22.8   4   108
                                              21.4   6   258
                                              18.7   8   360
                                              18.1   6   225
                                              14.3   8   360
                                              24.4   4 146.7
                                              22.8   4 140.8
                                              19.2   6 167.6

                                              MTCARS Data ...





























