                     mpg    cyl   disp     hp   drat            wt              qsec     vs     am   gear
                   (N=5)  (N=5)  (N=5)  (N=5)  (N=5)          (N=6)            (N=5)  (N=5)  (N=5)  (N=5)
¯¯¯¯¯¯¯¯¯¯¯¯¯¯¯¯¯¯¯¯¯¯¯¯¯¯¯¯¯¯¯¯¯¯¯¯¯¯¯¯¯¯¯¯¯¯¯¯¯¯¯¯¯¯¯¯¯¯¯¯¯¯¯¯¯¯¯¯¯¯¯¯¯¯¯¯¯¯¯¯¯¯¯¯¯¯¯¯¯¯¯¯¯¯¯¯¯¯¯¯¯¯¯¯¯
21.00                       6.0  160.0  110.0    3.9 2.6200                     16.5    0.0    1.0    4.0
21.00                       6.0  160.0  110.0    3.9 2.8750                     17.0    0.0    1.0    4.0
22.80                       4.0  108.0   93.0    3.8 2.3200                     18.6    1.0    1.0    4.0
21.40                       6.0  258.0  110.0    3.1 3.2150                     19.4    1.0    0.0    3.0
18.70                       8.0  360.0  175.0    3.1 3.4400                     17.0    0.0    0.0    3.0
18.10                       6.0  225.0  105.0    2.8 3.4600                     20.2    1.0    0.0    3.0
14.30                       8.0  360.0  245.0    3.2 3.5700                     15.8    0.0    0.0    3.0
24.40                       4.0  146.7   62.0    3.7 3.1900                     20.0    1.0    0.0    4.0
22.80                       4.0  140.8   95.0    3.9 3.1500                     22.9    1.0    0.0    4.0
19.20                       6.0  167.6  123.0    3.9 3.4400                     18.3    1.0    0.0    4.0
































  carb
 (N=5)
¯¯¯¯¯¯
   4.0
   4.0
   1.0
   1.0
   2.0
   1.0
   4.0
   2.0
   2.0
   4.0
































