             IRIS Data Frame

 Sepal.Length Sepal.Width Petal.Length
 ¯¯¯¯¯¯¯¯¯¯¯¯¯¯¯¯¯¯¯¯¯¯¯¯¯¯¯¯¯¯¯¯¯¯¯¯¯
          5.1         3.5          1.4
          4.9           3          1.4
          4.7         3.2          1.3
          4.6         3.1          1.5
            5         3.6          1.4
          5.4         3.9          1.7
          4.6         3.4          1.4
            5         3.4          1.5
          4.4         2.9          1.4
          4.9         3.1          1.5
          5.4         3.7          1.5
          4.8         3.4          1.6
          4.8           3          1.4
          4.3           3          1.1
          5.8           4          1.2
          5.7         4.4          1.5
          5.4         3.9          1.3
          5.1         3.5          1.4
          5.7         3.8          1.7
          5.1         3.8          1.5
          5.4         3.4          1.7
          5.1         3.7          1.5
          4.6         3.6            1
          5.1         3.3          1.7
          4.8         3.4          1.9
            5           3          1.6
             IRIS Data Frame

        Petal.Width    Species
        ¯¯¯¯¯¯¯¯¯¯¯¯¯¯¯¯¯¯¯¯¯¯
                0.2     setosa
                0.2     setosa
                0.2     setosa
                0.2     setosa
                0.2     setosa
                0.4     setosa
                0.3     setosa
                0.2     setosa
                0.2     setosa
                0.1     setosa
                0.2     setosa
                0.2     setosa
                0.1     setosa
                0.1     setosa
                0.2     setosa
                0.4     setosa
                0.4     setosa
                0.3     setosa
                0.3     setosa
                0.3     setosa
                0.2     setosa
                0.4     setosa
                0.2     setosa
                0.5     setosa
                0.2     setosa
                0.2     setosa
             IRIS Data Frame

 Sepal.Length Sepal.Width Petal.Length
 ¯¯¯¯¯¯¯¯¯¯¯¯¯¯¯¯¯¯¯¯¯¯¯¯¯¯¯¯¯¯¯¯¯¯¯¯¯
            5         3.4          1.6
          5.2         3.5          1.5
          5.2         3.4          1.4
          4.7         3.2          1.6
          4.8         3.1          1.6
          5.4         3.4          1.5
          5.2         4.1          1.5
          5.5         4.2          1.4
          4.9         3.1          1.5
            5         3.2          1.2
          5.5         3.5          1.3
          4.9         3.6          1.4
          4.4           3          1.3
          5.1         3.4          1.5
            5         3.5          1.3
          4.5         2.3          1.3
          4.4         3.2          1.3
            5         3.5          1.6
          5.1         3.8          1.9
          4.8           3          1.4
          5.1         3.8          1.6
          4.6         3.2          1.4
          5.3         3.7          1.5
            5         3.3          1.4
            7         3.2          4.7
          6.4         3.2          4.5
             IRIS Data Frame

        Petal.Width    Species
        ¯¯¯¯¯¯¯¯¯¯¯¯¯¯¯¯¯¯¯¯¯¯
                0.4     setosa
                0.2     setosa
                0.2     setosa
                0.2     setosa
                0.2     setosa
                0.4     setosa
                0.1     setosa
                0.2     setosa
                0.2     setosa
                0.2     setosa
                0.2     setosa
                0.1     setosa
                0.2     setosa
                0.2     setosa
                0.3     setosa
                0.3     setosa
                0.2     setosa
                0.6     setosa
                0.4     setosa
                0.3     setosa
                0.2     setosa
                0.2     setosa
                0.2     setosa
                0.2     setosa
                1.4 versicolor
                1.5 versicolor
             IRIS Data Frame

 Sepal.Length Sepal.Width Petal.Length
 ¯¯¯¯¯¯¯¯¯¯¯¯¯¯¯¯¯¯¯¯¯¯¯¯¯¯¯¯¯¯¯¯¯¯¯¯¯
          6.9         3.1          4.9
          5.5         2.3            4
          6.5         2.8          4.6
          5.7         2.8          4.5
          6.3         3.3          4.7
          4.9         2.4          3.3
          6.6         2.9          4.6
          5.2         2.7          3.9
            5           2          3.5
          5.9           3          4.2
            6         2.2            4
          6.1         2.9          4.7
          5.6         2.9          3.6
          6.7         3.1          4.4
          5.6           3          4.5
          5.8         2.7          4.1
          6.2         2.2          4.5
          5.6         2.5          3.9
          5.9         3.2          4.8
          6.1         2.8            4
          6.3         2.5          4.9
          6.1         2.8          4.7
          6.4         2.9          4.3
          6.6           3          4.4
          6.8         2.8          4.8
          6.7           3            5
             IRIS Data Frame

        Petal.Width    Species
        ¯¯¯¯¯¯¯¯¯¯¯¯¯¯¯¯¯¯¯¯¯¯
                1.5 versicolor
                1.3 versicolor
                1.5 versicolor
                1.3 versicolor
                1.6 versicolor
                  1 versicolor
                1.3 versicolor
                1.4 versicolor
                  1 versicolor
                1.5 versicolor
                  1 versicolor
                1.4 versicolor
                1.3 versicolor
                1.4 versicolor
                1.5 versicolor
                  1 versicolor
                1.5 versicolor
                1.1 versicolor
                1.8 versicolor
                1.3 versicolor
                1.5 versicolor
                1.2 versicolor
                1.3 versicolor
                1.4 versicolor
                1.4 versicolor
                1.7 versicolor
             IRIS Data Frame

 Sepal.Length Sepal.Width Petal.Length
 ¯¯¯¯¯¯¯¯¯¯¯¯¯¯¯¯¯¯¯¯¯¯¯¯¯¯¯¯¯¯¯¯¯¯¯¯¯
            6         2.9          4.5
          5.7         2.6          3.5
          5.5         2.4          3.8
          5.5         2.4          3.7
          5.8         2.7          3.9
            6         2.7          5.1
          5.4           3          4.5
            6         3.4          4.5
          6.7         3.1          4.7
          6.3         2.3          4.4
          5.6           3          4.1
          5.5         2.5            4
          5.5         2.6          4.4
          6.1           3          4.6
          5.8         2.6            4
            5         2.3          3.3
          5.6         2.7          4.2
          5.7           3          4.2
          5.7         2.9          4.2
          6.2         2.9          4.3
          5.1         2.5            3
          5.7         2.8          4.1
          6.3         3.3            6
          5.8         2.7          5.1
          7.1           3          5.9
          6.3         2.9          5.6
             IRIS Data Frame

        Petal.Width    Species
        ¯¯¯¯¯¯¯¯¯¯¯¯¯¯¯¯¯¯¯¯¯¯
                1.5 versicolor
                  1 versicolor
                1.1 versicolor
                  1 versicolor
                1.2 versicolor
                1.6 versicolor
                1.5 versicolor
                1.6 versicolor
                1.5 versicolor
                1.3 versicolor
                1.3 versicolor
                1.3 versicolor
                1.2 versicolor
                1.4 versicolor
                1.2 versicolor
                  1 versicolor
                1.3 versicolor
                1.2 versicolor
                1.3 versicolor
                1.3 versicolor
                1.1 versicolor
                1.3 versicolor
                2.5  virginica
                1.9  virginica
                2.1  virginica
                1.8  virginica
             IRIS Data Frame

 Sepal.Length Sepal.Width Petal.Length
 ¯¯¯¯¯¯¯¯¯¯¯¯¯¯¯¯¯¯¯¯¯¯¯¯¯¯¯¯¯¯¯¯¯¯¯¯¯
          6.5           3          5.8
          7.6           3          6.6
          4.9         2.5          4.5
          7.3         2.9          6.3
          6.7         2.5          5.8
          7.2         3.6          6.1
          6.5         3.2          5.1
          6.4         2.7          5.3
          6.8           3          5.5
          5.7         2.5            5
          5.8         2.8          5.1
          6.4         3.2          5.3
          6.5           3          5.5
          7.7         3.8          6.7
          7.7         2.6          6.9
            6         2.2            5
          6.9         3.2          5.7
          5.6         2.8          4.9
          7.7         2.8          6.7
          6.3         2.7          4.9
          6.7         3.3          5.7
          7.2         3.2            6
          6.2         2.8          4.8
          6.1           3          4.9
          6.4         2.8          5.6
          7.2           3          5.8
             IRIS Data Frame

        Petal.Width    Species
        ¯¯¯¯¯¯¯¯¯¯¯¯¯¯¯¯¯¯¯¯¯¯
                2.2  virginica
                2.1  virginica
                1.7  virginica
                1.8  virginica
                1.8  virginica
                2.5  virginica
                  2  virginica
                1.9  virginica
                2.1  virginica
                  2  virginica
                2.4  virginica
                2.3  virginica
                1.8  virginica
                2.2  virginica
                2.3  virginica
                1.5  virginica
                2.3  virginica
                  2  virginica
                  2  virginica
                1.8  virginica
                2.1  virginica
                1.8  virginica
                1.8  virginica
                1.8  virginica
                2.1  virginica
                1.6  virginica
             IRIS Data Frame

 Sepal.Length Sepal.Width Petal.Length
 ¯¯¯¯¯¯¯¯¯¯¯¯¯¯¯¯¯¯¯¯¯¯¯¯¯¯¯¯¯¯¯¯¯¯¯¯¯
          7.4         2.8          6.1
          7.9         3.8          6.4
          6.4         2.8          5.6
          6.3         2.8          5.1
          6.1         2.6          5.6
          7.7           3          6.1
          6.3         3.4          5.6
          6.4         3.1          5.5
            6           3          4.8
          6.9         3.1          5.4
          6.7         3.1          5.6
          6.9         3.1          5.1
          5.8         2.7          5.1
          6.8         3.2          5.9
          6.7         3.3          5.7
          6.7           3          5.2
          6.3         2.5            5
          6.5           3          5.2
          6.2         3.4          5.4
          5.9           3          5.1






             IRIS Data Frame

        Petal.Width    Species
        ¯¯¯¯¯¯¯¯¯¯¯¯¯¯¯¯¯¯¯¯¯¯
                1.9  virginica
                  2  virginica
                2.2  virginica
                1.5  virginica
                1.4  virginica
                2.3  virginica
                2.4  virginica
                1.8  virginica
                1.8  virginica
                2.1  virginica
                2.4  virginica
                2.3  virginica
                1.9  virginica
                2.3  virginica
                2.5  virginica
                2.3  virginica
                1.9  virginica
                  2  virginica
                2.3  virginica
                1.8  virginica






