Client: Motor Trend                                                Study: Cars
                                  Table 1.0
                             MTCARS Summary Table

                    ¯¯¯¯¯¯¯¯¯¯¯¯¯¯¯¯¯¯¯¯¯¯¯¯¯¯¯¯¯¯¯¯¯¯¯¯¯
                                    Group A     Group B
                                    (N=19)      (N=13)
                    ¯¯¯¯¯¯¯¯¯¯¯¯¯¯¯¯¯¯¯¯¯¯¯¯¯¯¯¯¯¯¯¯¯¯¯¯¯

                    Here is a super long label to see
                    if it can span the entire table.
                       Stats          19          13
                                  18.8 (6.5)  22.0 (4.9)
                                     16.4        21.4
                                  15.1 - 21.2 19.2 - 22.8
                                  10.4 - 33.9 14.7 - 32.4

                    Cylinders
                       8 Cylinder 10 ( 52.6%) 4 ( 30.8%)
                                  4 ( 21.1%)  3 ( 23.1%)
                                  5 ( 26.3%)  6 ( 46.2%)

                    ¯¯¯¯¯¯¯¯¯¯¯¯¯¯¯¯¯¯¯¯¯¯¯¯¯¯¯¯¯¯¯¯¯¯¯¯¯


































* Motor Trend, 1974

Left                             Confidential                      Page 1 of 1
