Client                                                                                                 Study
               mpg           cyl                  disp            hp              drat                    wt
¯¯¯¯¯¯¯¯¯¯¯¯¯¯¯¯¯¯¯¯¯¯¯¯¯¯¯¯¯¯¯¯¯¯¯¯¯¯¯¯¯¯¯¯¯¯¯¯¯¯¯¯¯¯¯¯¯¯¯¯¯¯¯¯¯¯¯¯¯¯¯¯¯¯¯¯¯¯¯¯¯¯¯¯¯¯¯¯¯¯¯¯¯¯¯¯¯¯¯¯¯¯¯¯¯¯¯¯
                21             6                   160           110               3.9                  2.62
                21             6                   160           110               3.9                 2.875
              22.8             4                   108            93              3.85                  2.32
              21.4             6                   258           110              3.08                 3.215
              18.7             8                   360           175              3.15                  3.44
              18.1             6                   225           105              2.76                  3.46
              14.3             8                   360           245              3.21                  3.57
              24.4             4                 146.7            62              3.69                  3.19
              22.8             4                 140.8            95              3.92                  3.15
              19.2             6                 167.6           123              3.92                  3.44

 mpg cyl  disp  hp drat    wt
¯¯¯¯¯¯¯¯¯¯¯¯¯¯¯¯¯¯¯¯¯¯¯¯¯¯¯¯¯
17.8   6 167.6 123 3.92  3.44
16.4   8 275.8 180 3.07  4.07
17.3   8 275.8 180 3.07  3.73
15.2   8 275.8 180 3.07  3.78
10.4   8   472 205 2.93  5.25
10.4   8   460 215    3 5.424
14.7   8   440 230 3.23 5.345
32.4   4  78.7  66 4.08   2.2
30.4   4  75.7  52 4.93 1.615
33.9   4  71.1  65 4.22 1.835



















