                         Super Span
¯¯¯¯¯¯¯¯¯¯¯¯¯¯¯¯¯¯¯¯¯¯¯¯¯¯¯¯¯¯¯¯¯¯¯¯¯¯¯¯¯¯¯¯¯¯¯¯¯¯¯¯¯¯¯¯¯¯¯
         Span 1                        Span 2
¯¯¯¯¯¯¯¯¯¯¯¯¯¯¯¯¯¯¯¯¯¯¯ ¯¯¯¯¯¯¯¯¯¯¯¯¯¯¯¯¯¯¯¯¯¯¯¯¯¯¯¯¯¯¯¯¯¯¯
col1        col2        col3        col4        col5        col6        col7        col8        col9
¯¯¯¯¯¯¯¯¯¯¯¯¯¯¯¯¯¯¯¯¯¯¯¯¯¯¯¯¯¯¯¯¯¯¯¯¯¯¯¯¯¯¯¯¯¯¯¯¯¯¯¯¯¯¯¯¯¯¯¯¯¯¯¯¯¯¯¯¯¯¯¯¯¯¯¯¯¯¯¯¯¯¯¯¯¯¯¯¯¯¯¯¯¯¯¯¯¯¯¯¯¯¯¯¯¯¯
AAAAAAAAA B AAAAAAAAA B AAAAAAAAA B AAAAAAAAA B AAAAAAAAA B AAAAAAAAA B AAAAAAAAA B AAAAAAAAA B AAAAAAAAA B
AAAAAAAAA B AAAAAAAAA B AAAAAAAAA B AAAAAAAAA B AAAAAAAAA B AAAAAAAAA B AAAAAAAAA B AAAAAAAAA B AAAAAAAAA B
AAAAAAAAA B AAAAAAAAA B AAAAAAAAA B AAAAAAAAA B AAAAAAAAA B AAAAAAAAA B AAAAAAAAA B AAAAAAAAA B AAAAAAAAA B
AAAAAAAAA B AAAAAAAAA B AAAAAAAAA B AAAAAAAAA B AAAAAAAAA B AAAAAAAAA B AAAAAAAAA B AAAAAAAAA B AAAAAAAAA B
AAAAAAAAA B AAAAAAAAA B AAAAAAAAA B AAAAAAAAA B AAAAAAAAA B AAAAAAAAA B AAAAAAAAA B AAAAAAAAA B AAAAAAAAA B
AAAAAAAAA B AAAAAAAAA B AAAAAAAAA B AAAAAAAAA B AAAAAAAAA B AAAAAAAAA B AAAAAAAAA B AAAAAAAAA B AAAAAAAAA B
AAAAAAAAA B AAAAAAAAA B AAAAAAAAA B AAAAAAAAA B AAAAAAAAA B AAAAAAAAA B AAAAAAAAA B AAAAAAAAA B AAAAAAAAA B
AAAAAAAAA B AAAAAAAAA B AAAAAAAAA B AAAAAAAAA B AAAAAAAAA B AAAAAAAAA B AAAAAAAAA B AAAAAAAAA B AAAAAAAAA B
AAAAAAAAA B AAAAAAAAA B AAAAAAAAA B AAAAAAAAA B AAAAAAAAA B AAAAAAAAA B AAAAAAAAA B AAAAAAAAA B AAAAAAAAA B
AAAAAAAAA B AAAAAAAAA B AAAAAAAAA B AAAAAAAAA B AAAAAAAAA B AAAAAAAAA B AAAAAAAAA B AAAAAAAAA B AAAAAAAAA B

Here is a really long footnote that will need a few columns to contain.



























