Client: Motor Trend                                                Study: Cars
                                   Table 1.0
                             MTCARS Summary Table

                                     Group A     Group B
                  ¯¯¯¯¯¯¯¯¯¯¯¯¯¯¯¯¯¯¯¯¯¯¯¯¯¯¯¯¯¯¯¯¯¯¯¯¯¯¯¯

                  Miles Per Gallon
                     N                 15          17
                     Mean          19.2 (5.9)  20.9 (6.2)
                     Median           17.8        21.0
                     Q1 - Q3       15.3 - 22.0 15.8 - 22.8
                     Range         10.4 - 32.4 10.4 - 33.9

                  Cylinders
                     8 Cylinder    8 ( 53.3%)  6 ( 35.3%)
                     6 Cylinder    3 ( 20.0%)  4 ( 23.5%)
                     4 Cylinder    4 ( 26.7%)  7 ( 41.2%)







































* Motor Trend, 1973

Time                             Confidential                      Page 1 of 1
