Experis                                                                                            Study ABC
                                                                                              Status: Closed
                                                 Table 1.0
                                       Analysis Data Subject Listing
                                             Safety Population

                                 Subject
                                 ID      Subject Name          Sex Age Arm
                                 ¯¯¯¯¯¯¯¯¯¯¯¯¯¯¯¯¯¯¯¯¯¯¯¯¯¯¯¯¯¯¯¯¯¯¯¯¯¯¯¯¯

                                 100     Quintana, Gabriel     M    41   A
                                 101     Allison, Blas         F    53
                                 102     Minniear, Presley     F    43
                                 103     al-Kazemi, Najwa      M    39
                                 104     Schaffer, Ashley      M    47

                                 105     Laner, Tahma          F    52   B
                                 106     Perry, Sean           M    21
                                 107     Crews, Deshawn Joseph F    38
                                 108     Person, Ladon         F    62
                                 109     Smith, Shaileigh      M    26





















Program Name: table1_0.R

Time                                            Confidential                                     Page 1 of 1
