Client                                                                                                 Study
                      mpg                       cyl                      disp                        hp
-------------------------------------------------------------------------------------------------------
                       21                         6                       160                       110
                       21                         6                       160                       110
                     22.8                         4                       108                        93
                     21.4                         6                       258                       110
                     18.7                         8                       360                       175
                     18.1                         6                       225                       105
                     14.3                         8                       360                       245
                     24.4                         4                     146.7                        62
                     22.8                         4                     140.8                        95
                     19.2                         6                     167.6                       123
































Client                                                                                                 Study
 drat        wt      qsec  vs                                     am   gear
---------------------------------------------------------------------------
  3.9      2.62     16.46   0                                      1      4
  3.9     2.875     17.02   0                                      1      4
 3.85      2.32     18.61   1                                      1      4
 3.08     3.215     19.44   1                                      0      3
 3.15      3.44     17.02   0                                      0      3
 2.76      3.46     20.22   1                                      0      3
 3.21      3.57     15.84   0                                      0      3
 3.69      3.19        20   1                                      0      4
 3.92      3.15      22.9   1                                      0      4
 3.92      3.44      18.3   1                                      0      4
































Client                                                                                                 Study
                                  carb
--------------------------------------
                                     4
                                     4
                                     1
                                     1
                                     2
                                     1
                                     4
                                     2
                                     2
                                     4
































