         Table 1.0                                      Page 1 of 1
         US Personal Expenditures from 1940 - 1960    World Almanac

         Category                  1940   1945   1950   1955   1960
         ¯¯¯¯¯¯¯¯¯¯¯¯¯¯¯¯¯¯¯¯¯¯¯¯¯¯¯¯¯¯¯¯¯¯¯¯¯¯¯¯¯¯¯¯¯¯¯¯¯¯¯¯¯¯¯¯¯¯
         Food and Tobacco        $22.20 $44.50 $59.60 $73.20 $86.80
         Household Operation     $10.50 $15.50 $29.00 $36.50 $46.20
         Medical and Health       $3.53  $5.76  $9.71 $14.00 $21.10
         Personal Care            $1.04  $1.98  $2.45  $3.40  $5.40
         Private Education        $0.34  $0.97  $1.80  $2.60  $3.64

         * In billions of dollars
















































