                                                 Table 1.0
                                           Treatments by Country

                                             Treatment A       Treatment B
                                          ----------------- -----------------
                              Country        N1 Mean1   SD1    N2 Mean2   SD2
                              -----------------------------------------------
                              Bangladesh     52 25.03  0.02    43 22.31  0.08
                              Germany        42 95.01  1.02    53  9.31  0.09
                              Italy           2 20.22     0    11  8.09  1.11

                              * Country of Site

































