                                                 Table 1.0

                   Subject
                        ID
                     for a
                   patient                                      Sex      Age
               Arm  (N=10) Subject Name                        (N=10) (N=10)    rnd    calc
               ¯¯¯¯¯¯¯¯¯¯¯¯¯¯¯¯¯¯¯¯¯¯¯¯¯¯¯¯¯¯¯¯¯¯¯¯¯¯¯¯¯¯¯¯¯¯¯¯¯¯¯¯¯¯¯¯¯¯¯¯¯¯¯¯¯¯¯¯¯¯¯¯¯¯¯¯

            A       100 Quintana, Gabriel                     M        41  0.707752  29.017832
                    101 Allison, Blas                         F        53 0.3180838 16.8584414
                    102 Minniear, Presley                     F        43 0.9174493 39.4503199
                    103 al-Kazemi, Najwa                      M        39 0.4395207 17.1413073
                        and more and more
                    104 Schaffer, Ashley                      M        47 0.5307518 24.9453346

            B       105 Laner, Tahma                          F        52 0.8501806 44.2093912
                    106 Perry, Sean                           M        21 0.4584808  9.6280968
                    107 Crews, Deshawn Joseph                 F        38  0.101637   3.862206
                    108 Person, Ladon                         F        62 0.7061505  43.781331
                    109 Smith, Shaileigh                      M        26 0.7819369 20.3303594
























