                            Miles per gallon          Cylinders   Displacement
                            ¯¯¯¯¯¯¯¯¯¯¯¯¯¯¯¯¯¯¯¯¯¯¯¯¯¯¯¯¯¯¯¯¯¯¯¯¯¯¯¯¯¯¯¯¯¯¯¯¯¯
                            21.00                        6.0            160.00
                            21.00                        6.0            160.00
                            22.80                        4.0            108.00
                            21.40                        6.0            258.00
                            18.70                        8.0            360.00
                            18.10                        6.0            225.00
                            14.30                        8.0            360.00
                            24.40                        4.0            146.70
                            22.80                        4.0            140.80
                            19.20                        6.0            167.60
                            17.80                        6.0            167.60
                            16.40                        8.0            275.80
                            17.30                        8.0            275.80
                            15.20                        8.0            275.80
                            10.40                        8.0            472.00
                            10.40                        8.0            460.00
                            14.70                        8.0            440.00
                            32.40                        4.0             78.70
                            30.40                        4.0             75.70
                            33.90                        4.0             71.10
                            21.50                        4.0            120.10
                            15.50                        8.0            318.00
                            15.20                        8.0            304.00
                            13.30                        8.0            350.00
                            19.20                        8.0            400.00
                            27.30                        4.0             79.00
                            26.00                        4.0            120.30
                            30.40                        4.0             95.10
                            15.80                        8.0            351.00
                            19.70                        6.0            145.00
                            15.00                        8.0            301.00
                            21.40                        4.0            121.00











