Line 1                                                                                     Right Line
Line 2                                                                                               
MTCARS Data Frame

vehicle                            mpg                    vs                     cyl  disp  hp drat
¯¯¯¯¯¯¯¯¯¯¯¯¯¯¯¯¯¯¯¯¯¯¯¯¯¯¯¯¯¯¯¯¯¯¯¯¯¯¯¯¯¯¯¯¯¯¯¯¯¯¯¯¯¯¯¯¯¯¯¯¯¯¯¯¯¯¯¯¯¯¯¯¯¯¯¯¯¯¯¯¯¯¯¯¯¯¯¯¯¯¯¯¯¯¯¯¯¯¯
Mazda RX4                          21                     0                        6   160 110  3.9
Mazda RX4 Wag                      21                     0                        6   160 110  3.9
Datsun 710                         22.8                   1                        4   108  93 3.85
Hornet 4 Drive                     21.4                   1                        6   258 110 3.08
Hornet Sportabout                  18.7                   0                        8   360 175 3.15
Valiant                            18.1                   1                        6   225 105 2.76
Duster 360                         14.3                   0                        8   360 245 3.21
Merc 240D                          24.4                   1                        4 146.7  62 3.69
Merc 230                           22.8                   1                        4 140.8  95 3.92
Merc 280                           19.2                   1                        6 167.6 123 3.92
Merc 280C                          17.8                   1                        6 167.6 123 3.92
Merc 450SE                         16.4                   0                        8 275.8 180 3.07
Merc 450SL                         17.3                   0                        8 275.8 180 3.07
Merc 450SLC                        15.2                   0                        8 275.8 180 3.07
Cadillac Fleetwood                 10.4                   0                        8   472 205 2.93
Lincoln Continental                10.4                   0                        8   460 215    3
Chrysler Imperial                  14.7                   0                        8   440 230 3.23
Fiat 128                           32.4                   1                        4  78.7  66 4.08
Honda Civic                        30.4                   1                        4  75.7  52 4.93
Toyota Corolla                     33.9                   1                        4  71.1  65 4.22
Toyota Corona                      21.5                   1                        4 120.1  97  3.7
Dodge Challenger                   15.5                   0                        8   318 150 2.76
AMC Javelin                        15.2                   0                        8   304 150 3.15
Camaro Z28                         13.3                   0                        8   350 245 3.73
Pontiac Firebird                   19.2                   0                        8   400 175 3.08
Fiat X1-9                          27.3                   1                        4    79  66 4.08
Porsche 914-2                      26                     0                        4 120.3  91 4.43
Lotus Europa                       30.4                   1                        4  95.1 113 3.77
Ford Pantera L                     15.8                   0                        8   351 264 4.22
Ferrari Dino                       19.7                   0                        6   145 175 3.62
Maserati Bora                      15                     0                        8   301 335 3.54
Volvo 142E                         21.4                   1                        4   121 109 4.11





Footer Line 1                                                                                        
Footer Line 2                                                                       Footer Right Line
Line 1                                                                                     Right Line
Line 2                                                                                               
MTCARS Data Frame

vehicle                            mpg                    vs                        wt  qsec am gear
¯¯¯¯¯¯¯¯¯¯¯¯¯¯¯¯¯¯¯¯¯¯¯¯¯¯¯¯¯¯¯¯¯¯¯¯¯¯¯¯¯¯¯¯¯¯¯¯¯¯¯¯¯¯¯¯¯¯¯¯¯¯¯¯¯¯¯¯¯¯¯¯¯¯¯¯¯¯¯¯¯¯¯¯¯¯¯¯¯¯¯¯¯¯¯¯¯¯¯¯
Mazda RX4                          21                     0                       2.62 16.46  1    4
Mazda RX4 Wag                      21                     0                      2.875 17.02  1    4
Datsun 710                         22.8                   1                       2.32 18.61  1    4
Hornet 4 Drive                     21.4                   1                      3.215 19.44  0    3
Hornet Sportabout                  18.7                   0                       3.44 17.02  0    3
Valiant                            18.1                   1                       3.46 20.22  0    3
Duster 360                         14.3                   0                       3.57 15.84  0    3
Merc 240D                          24.4                   1                       3.19    20  0    4
Merc 230                           22.8                   1                       3.15  22.9  0    4
Merc 280                           19.2                   1                       3.44  18.3  0    4
Merc 280C                          17.8                   1                       3.44  18.9  0    4
Merc 450SE                         16.4                   0                       4.07  17.4  0    3
Merc 450SL                         17.3                   0                       3.73  17.6  0    3
Merc 450SLC                        15.2                   0                       3.78    18  0    3
Cadillac Fleetwood                 10.4                   0                       5.25 17.98  0    3
Lincoln Continental                10.4                   0                      5.424 17.82  0    3
Chrysler Imperial                  14.7                   0                      5.345 17.42  0    3
Fiat 128                           32.4                   1                        2.2 19.47  1    4
Honda Civic                        30.4                   1                      1.615 18.52  1    4
Toyota Corolla                     33.9                   1                      1.835  19.9  1    4
Toyota Corona                      21.5                   1                      2.465 20.01  0    3
Dodge Challenger                   15.5                   0                       3.52 16.87  0    3
AMC Javelin                        15.2                   0                      3.435  17.3  0    3
Camaro Z28                         13.3                   0                       3.84 15.41  0    3
Pontiac Firebird                   19.2                   0                      3.845 17.05  0    3
Fiat X1-9                          27.3                   1                      1.935  18.9  1    4
Porsche 914-2                      26                     0                       2.14  16.7  1    5
Lotus Europa                       30.4                   1                      1.513  16.9  1    5
Ford Pantera L                     15.8                   0                       3.17  14.5  1    5
Ferrari Dino                       19.7                   0                       2.77  15.5  1    5
Maserati Bora                      15                     0                       3.57  14.6  1    5
Volvo 142E                         21.4                   1                       2.78  18.6  1    4





Footer Line 1                                                                                        
Footer Line 2                                                                       Footer Right Line
Line 1                                                                                     Right Line
Line 2                                                                                               
MTCARS Data Frame

       vehicle                            mpg                    vs                     carb
       ¯¯¯¯¯¯¯¯¯¯¯¯¯¯¯¯¯¯¯¯¯¯¯¯¯¯¯¯¯¯¯¯¯¯¯¯¯¯¯¯¯¯¯¯¯¯¯¯¯¯¯¯¯¯¯¯¯¯¯¯¯¯¯¯¯¯¯¯¯¯¯¯¯¯¯¯¯¯¯¯¯¯¯¯¯
       Mazda RX4                          21                     0                         4
       Mazda RX4 Wag                      21                     0                         4
       Datsun 710                         22.8                   1                         1
       Hornet 4 Drive                     21.4                   1                         1
       Hornet Sportabout                  18.7                   0                         2
       Valiant                            18.1                   1                         1
       Duster 360                         14.3                   0                         4
       Merc 240D                          24.4                   1                         2
       Merc 230                           22.8                   1                         2
       Merc 280                           19.2                   1                         4
       Merc 280C                          17.8                   1                         4
       Merc 450SE                         16.4                   0                         3
       Merc 450SL                         17.3                   0                         3
       Merc 450SLC                        15.2                   0                         3
       Cadillac Fleetwood                 10.4                   0                         4
       Lincoln Continental                10.4                   0                         4
       Chrysler Imperial                  14.7                   0                         4
       Fiat 128                           32.4                   1                         1
       Honda Civic                        30.4                   1                         2
       Toyota Corolla                     33.9                   1                         1
       Toyota Corona                      21.5                   1                         1
       Dodge Challenger                   15.5                   0                         2
       AMC Javelin                        15.2                   0                         2
       Camaro Z28                         13.3                   0                         4
       Pontiac Firebird                   19.2                   0                         2
       Fiat X1-9                          27.3                   1                         1
       Porsche 914-2                      26                     0                         2
       Lotus Europa                       30.4                   1                         2
       Ford Pantera L                     15.8                   0                         4
       Ferrari Dino                       19.7                   0                         6
       Maserati Bora                      15                     0                         8
       Volvo 142E                         21.4                   1                         2





Footer Line 1                                                                                        
Footer Line 2                                                                       Footer Right Line
