MTCARS Data Frame

                                                 mpg cyl vs
                                                ¯¯¯¯¯¯¯¯¯¯¯
                                                  21   6  0
                                                  21   6  0
                                                22.8   4  1
                                                21.4   6  1
                                                18.7   8  0
                                                18.1   6  1
                                                14.3   8  0
                                                24.4   4  1
                                                22.8   4  1
                                                19.2   6  1































