Sponsor                                                                                               Study
                                                                                                   Table 1.0

                       Subject
                       ID for a
                       patient                                                                Sex      Age
                   Arm (N=10)   Subject Name                                                 (N=10) (N=10)
                   ¯¯¯¯¯¯¯¯¯¯¯¯¯¯¯¯¯¯¯¯¯¯¯¯¯¯¯¯¯¯¯¯¯¯¯¯¯¯¯¯¯¯¯¯¯¯¯¯¯¯¯¯¯¯¯¯¯¯¯¯¯¯¯¯¯¯¯¯¯¯¯¯¯¯¯¯¯¯¯¯¯¯¯¯¯¯¯

                   A   100      Quintana, Gabriel                                              M        41
                       101      Allison, Blas                                                  F        53
                       102      Minniear, Presley                                              F        43
                       103      al-Kazemi, Najwa and more and more and more and more and       M        39
                                more and more
                       104      Schaffer, Ashley                                               M        47

                   B   105      Laner, Tahma                                                   F        52
                       106      Perry, Sean                                                    M        21
                       107      Crews, Deshawn Joseph                                          F        38
                       108      Person, Ladon                                                  F        62
                       109      Smith, Shaileigh                                               M        26


























Time                                           Confidential                                            Page
