left                                                                                                   right
¯¯¯¯¯¯¯¯¯¯¯¯¯¯¯¯¯¯¯¯¯¯¯¯¯¯¯¯¯¯¯¯¯¯¯¯¯¯¯¯¯¯¯¯¯¯¯¯¯¯¯¯¯¯¯¯¯¯¯¯¯¯¯¯¯¯¯¯¯¯¯¯¯¯¯¯¯¯¯¯¯¯¯¯¯¯¯¯¯¯¯¯¯¯¯¯¯¯¯¯¯¯¯¯¯¯¯¯
Table 1.0                                     IRIS Data Frame                                 My right thing
                                                   Center                                               Here

                             ¯¯¯¯¯¯¯¯¯¯¯¯¯¯¯¯¯¯¯¯¯¯¯¯¯¯¯¯¯¯¯¯¯¯¯¯¯¯¯¯¯¯¯¯¯¯¯¯¯
                             Sepal.Length Sepal.Width Petal.Length Petal.Width
                             ¯¯¯¯¯¯¯¯¯¯¯¯¯¯¯¯¯¯¯¯¯¯¯¯¯¯¯¯¯¯¯¯¯¯¯¯¯¯¯¯¯¯¯¯¯¯¯¯¯
                                      5.1         3.5          1.4         0.2
                                      4.9           3          1.4         0.2
                                      4.7         3.2          1.3         0.2
                                      4.6         3.1          1.5         0.2
                                        5         3.6          1.4         0.2
                                      5.4         3.9          1.7         0.4
                                      4.6         3.4          1.4         0.3
                                        5         3.4          1.5         0.2
                                      4.4         2.9          1.4         0.2
                                      4.9         3.1          1.5         0.1
                                      5.4         3.7          1.5         0.2
                                      4.8         3.4          1.6         0.2
                                      4.8           3          1.4         0.1
                                      4.3           3          1.1         0.1
                                      5.8           4          1.2         0.2

                             ¯¯¯¯¯¯¯¯¯¯¯¯¯¯¯¯¯¯¯¯¯¯¯¯¯¯¯¯¯¯¯¯¯¯¯¯¯¯¯¯¯¯¯¯¯¯¯¯¯














                                                                                          Here is a footnote
                                                                                                 And another
                                                                                                           A
                                 Here is a longer footnote to see if I can figure out the alignment pattern.

left                                                                                                   right
